// Jest Snapshot v1, https://goo.gl/fbAQLP

exports[`Info should render Info 1`] = `
<div>
  <div
    class="mt-5 p-5 bg-gray-50 border border-gray-300 rounded-lg"
  >
    <span
      class="text-gray-500"
    >
      Info
    </span>
  </div>
</div>
`;
