// Jest Snapshot v1, https://goo.gl/fbAQLP

exports[`CountriesList should render 'No results found' message 1`] = `
<div>
  <div
    class="mt-5 p-5 bg-gray-50 border border-gray-300 rounded-lg"
  >
    <span
      class="text-gray-500"
    >
      No results found
    </span>
  </div>
</div>
`;

exports[`CountriesList should render 'loading...' message 1`] = `
<div>
  <div
    class="mt-5 p-5 bg-gray-50 border border-gray-300 rounded-lg"
  >
    <span
      class="text-gray-500"
    >
      Loading....
    </span>
  </div>
</div>
`;

exports[`CountriesList should render CountriesList 1`] = `
<div>
  <ul
    class="mt-5 p-4 space-y-3 text-gray-600 text-sm h-64 rounded-lg border border-gray-300 overflow-auto"
  >
    <li
      data-testid="country-list-item"
    >
      <span
        class="inline-block mr-5"
      >
        ğŸ‡¦ğŸ‡²
      </span>
      <span>
        Armenia
      </span>
    </li>
    <li
      data-testid="country-list-item"
    >
      <span
        class="inline-block mr-5"
      >
        ğŸ‡§ğŸ‡­
      </span>
      <span>
        Bahrain
      </span>
    </li>
    <li
      data-testid="country-list-item"
    >
      <span
        class="inline-block mr-5"
      >
        ğŸ‡§ğŸ‡³
      </span>
      <span>
        Brunei
      </span>
    </li>
    <li
      data-testid="country-list-item"
    >
      <span
        class="inline-block mr-5"
      >
        ğŸ‡§ğŸ‡¹
      </span>
      <span>
        Bhutan
      </span>
    </li>
    <li
      data-testid="country-list-item"
    >
      <span
        class="inline-block mr-5"
      >
        ğŸ‡±ğŸ‡¦
      </span>
      <span>
        Laos
      </span>
    </li>
    <li
      data-testid="country-list-item"
    >
      <span
        class="inline-block mr-5"
      >
        ğŸ‡±ğŸ‡§
      </span>
      <span>
        Lebanon
      </span>
    </li>
    <li
      data-testid="country-list-item"
    >
      <span
        class="inline-block mr-5"
      >
        ğŸ‡²ğŸ‡´
      </span>
      <span>
        Macao
      </span>
    </li>
    <li
      data-testid="country-list-item"
    >
      <span
        class="inline-block mr-5"
      >
        ğŸ‡³ğŸ‡µ
      </span>
      <span>
        Nepal
      </span>
    </li>
    <li
      data-testid="country-list-item"
    >
      <span
        class="inline-block mr-5"
      >
        ğŸ‡´ğŸ‡²
      </span>
      <span>
        Oman
      </span>
    </li>
    <li
      data-testid="country-list-item"
    >
      <span
        class="inline-block mr-5"
      >
        ğŸ‡¶ğŸ‡¦
      </span>
      <span>
        Qatar
      </span>
    </li>
    <li
      data-testid="country-list-item"
    >
      <span
        class="inline-block mr-5"
      >
        ğŸ‡¹ğŸ‡·
      </span>
      <span>
        Turkey
      </span>
    </li>
    <li
      data-testid="country-list-item"
    >
      <span
        class="inline-block mr-5"
      >
        ğŸ‡¹ğŸ‡¼
      </span>
      <span>
        Taiwan
      </span>
    </li>
    <li
      data-testid="country-list-item"
    >
      <span
        class="inline-block mr-5"
      >
        ğŸ‡»ğŸ‡³
      </span>
      <span>
        Vietnam
      </span>
    </li>
    <li
      data-testid="country-list-item"
    >
      <span
        class="inline-block mr-5"
      >
        ğŸ‡¾ğŸ‡ª
      </span>
      <span>
        Yemen
      </span>
    </li>
  </ul>
</div>
`;

exports[`CountriesList should render error message 1`] = `
<div>
  <div
    class="mt-5 p-3 bg-red-50 border border-red-500 rounded-lg"
  >
    <span
      class="text-red-400"
    >
      An error occurred
    </span>
  </div>
</div>
`;
